2026-04-21 10:15:49,065 - api - INFO - API Request: GET /api/students | {"method": "GET", "endpoint": "/api/students", "status_code": 200, "response_time_ms": 2.0470619201660156, "user_id": null, "timestamp": "2026-04-21T10:15:49.065461"}
2026-04-21 10:15:49,074 - api - INFO - API Request: GET /api/students | {"method": "GET", "endpoint": "/api/students", "status_code": 200, "response_time_ms": 0.9145736694335938, "user_id": null, "timestamp": "2026-04-21T10:15:49.074602"}
2026-04-21 10:15:49,092 - api - INFO - API Request: GET /api/activity-logs | {"method": "GET", "endpoint": "/api/activity-logs", "status_code": 200, "response_time_ms": 2.5320053100585938, "user_id": null, "timestamp": "2026-04-21T10:15:49.092714"}
2026-04-21 10:15:49,112 - api - INFO - API Request: GET /api/students | {"method": "GET", "endpoint": "/api/students", "status_code": 200, "response_time_ms": 1.5103816986083984, "user_id": null, "timestamp": "2026-04-21T10:15:49.112392"}
2026-04-21 10:15:49,125 - api - INFO - API Request: GET /api/activity-logs | {"method": "GET", "endpoint": "/api/activity-logs", "status_code": 200, "response_time_ms": 3.6039352416992188, "user_id": null, "timestamp": "2026-04-21T10:15:49.125268"}
2026-04-21 10:15:49,148 - api - INFO - API Request: GET /api/report/S001 | {"method": "GET", "endpoint": "/api/report/S001", "status_code": 200, "response_time_ms": 3.0422210693359375, "user_id": null, "timestamp": "2026-04-21T10:15:49.147001"}
2026-04-21 10:15:49,157 - api - INFO - API Request: GET /api/students | {"method": "GET", "endpoint": "/api/students", "status_code": 200, "response_time_ms": null, "user_id": null, "timestamp": "2026-04-21T10:15:49.157067"}
2026-04-21 10:15:49,168 - api - INFO - API Request: GET /api/activity-logs | {"method": "GET", "endpoint": "/api/activity-logs", "status_code": 200, "response_time_ms": 3.050088882446289, "user_id": null, "timestamp": "2026-04-21T10:15:49.168866"}
2026-04-21 10:15:49,182 - api - INFO - API Request: GET /api/report/S001 | {"method": "GET", "endpoint": "/api/report/S001", "status_code": 200, "response_time_ms": null, "user_id": null, "timestamp": "2026-04-21T10:15:49.182847"}
2026-04-21 10:15:49,190 - api - INFO - API Request: GET /api/students | {"method": "GET", "endpoint": "/api/students", "status_code": 200, "response_time_ms": null, "user_id": null, "timestamp": "2026-04-21T10:15:49.190942"}
2026-04-21 10:15:49,201 - api - INFO - API Request: GET /api/activity-logs | {"method": "GET", "endpoint": "/api/activity-logs", "status_code": 200, "response_time_ms": 2.0198822021484375, "user_id": null, "timestamp": "2026-04-21T10:15:49.201612"}
2026-04-21 10:15:49,216 - api - INFO - API Request: GET /api/report/S001 | {"method": "GET", "endpoint": "/api/report/S001", "status_code": 200, "response_time_ms": null, "user_id": null, "timestamp": "2026-04-21T10:15:49.216790"}
2026-04-21 10:15:49,224 - api - INFO - API Request: GET /api/students | {"method": "GET", "endpoint": "/api/students", "status_code": 200, "response_time_ms": 0.9996891021728516, "user_id": null, "timestamp": "2026-04-21T10:15:49.224481"}
2026-04-21 10:15:49,232 - api - INFO - API Request: GET /api/activity-logs | {"method": "GET", "endpoint": "/api/activity-logs", "status_code": 200, "response_time_ms": 1.5108585357666016, "user_id": null, "timestamp": "2026-04-21T10:15:49.232523"}
2026-04-21 10:15:49,244 - api - INFO - API Request: GET /api/report/S001 | {"method": "GET", "endpoint": "/api/report/S001", "status_code": 200, "response_time_ms": null, "user_id": null, "timestamp": "2026-04-21T10:15:49.244445"}
2026-04-21 10:15:49,254 - api - INFO - API Request: GET /api/students | {"method": "GET", "endpoint": "/api/students", "status_code": 200, "response_time_ms": null, "user_id": null, "timestamp": "2026-04-21T10:15:49.254642"}
2026-04-21 10:15:49,264 - api - INFO - API Request: GET /api/activity-logs | {"method": "GET", "endpoint": "/api/activity-logs", "status_code": 200, "response_time_ms": 3.0736923217773438, "user_id": null, "timestamp": "2026-04-21T10:15:49.264755"}
2026-04-21 10:15:49,275 - api - INFO - API Request: GET /api/report/S001 | {"method": "GET", "endpoint": "/api/report/S001", "status_code": 200, "response_time_ms": null, "user_id": null, "timestamp": "2026-04-21T10:15:49.275708"}
2026-04-21 10:15:49,285 - api - INFO - API Request: GET /api/students | {"method": "GET", "endpoint": "/api/students", "status_code": 200, "response_time_ms": 1.0030269622802734, "user_id": null, "timestamp": "2026-04-21T10:15:49.285883"}
2026-04-21 10:15:49,293 - api - INFO - API Request: GET /api/activity-logs | {"method": "GET", "endpoint": "/api/activity-logs", "status_code": 200, "response_time_ms": 1.0156631469726562, "user_id": null, "timestamp": "2026-04-21T10:15:49.293987"}
2026-04-21 10:15:49,305 - api - INFO - API Request: GET /api/report/S001 | {"method": "GET", "endpoint": "/api/report/S001", "status_code": 200, "response_time_ms": null, "user_id": null, "timestamp": "2026-04-21T10:15:49.305928"}
2026-04-21 10:15:49,314 - api - INFO - API Request: GET /api/report/S001 | {"method": "GET", "endpoint": "/api/report/S001", "status_code": 200, "response_time_ms": null, "user_id": null, "timestamp": "2026-04-21T10:15:49.314989"}
2026-04-21 10:16:48,760 - api - INFO - API Request: GET /api/students | {"method": "GET", "endpoint": "/api/students", "status_code": 200, "response_time_ms": 0.5362033843994141, "user_id": null, "timestamp": "2026-04-21T10:16:48.760024"}
2026-04-21 10:16:48,768 - api - INFO - API Request: GET /api/students | {"method": "GET", "endpoint": "/api/students", "status_code": 200, "response_time_ms": null, "user_id": null, "timestamp": "2026-04-21T10:16:48.768191"}
2026-04-21 10:16:48,773 - api - INFO - API Request: GET /api/students | {"method": "GET", "endpoint": "/api/students", "status_code": 200, "response_time_ms": null, "user_id": null, "timestamp": "2026-04-21T10:16:48.773965"}
2026-04-21 10:16:48,777 - api - INFO - API Request: GET /api/activity-logs | {"method": "GET", "endpoint": "/api/activity-logs", "status_code": 200, "response_time_ms": 3.518342971801758, "user_id": null, "timestamp": "2026-04-21T10:16:48.777484"}
2026-04-21 10:16:48,788 - api - INFO - API Request: GET /api/students | {"method": "GET", "endpoint": "/api/students", "status_code": 200, "response_time_ms": null, "user_id": null, "timestamp": "2026-04-21T10:16:48.788466"}
2026-04-21 10:16:48,797 - api - INFO - API Request: GET /api/students | {"method": "GET", "endpoint": "/api/students", "status_code": 200, "response_time_ms": null, "user_id": null, "timestamp": "2026-04-21T10:16:48.797507"}
2026-04-21 10:16:48,798 - api - INFO - API Request: GET /api/report/S001 | {"method": "GET", "endpoint": "/api/report/S001", "status_code": 200, "response_time_ms": null, "user_id": null, "timestamp": "2026-04-21T10:16:48.798504"}
2026-04-21 10:16:48,803 - api - INFO - API Request: GET /api/activity-logs | {"method": "GET", "endpoint": "/api/activity-logs", "status_code": 200, "response_time_ms": 9.009599685668945, "user_id": null, "timestamp": "2026-04-21T10:16:48.803582"}
2026-04-21 10:16:48,818 - api - INFO - API Request: GET /api/students | {"method": "GET", "endpoint": "/api/students", "status_code": 200, "response_time_ms": null, "user_id": null, "timestamp": "2026-04-21T10:16:48.818017"}
2026-04-21 10:16:48,824 - api - INFO - API Request: GET /api/students | {"method": "GET", "endpoint": "/api/students", "status_code": 200, "response_time_ms": null, "user_id": null, "timestamp": "2026-04-21T10:16:48.824557"}
2026-04-21 10:16:48,825 - api - INFO - API Request: GET /api/report/S001 | {"method": "GET", "endpoint": "/api/report/S001", "status_code": 200, "response_time_ms": null, "user_id": null, "timestamp": "2026-04-21T10:16:48.825553"}
2026-04-21 10:16:48,826 - api - INFO - API Request: GET /api/activity-logs | {"method": "GET", "endpoint": "/api/activity-logs", "status_code": 200, "response_time_ms": 8.537530899047852, "user_id": null, "timestamp": "2026-04-21T10:16:48.826555"}
2026-04-21 10:16:48,837 - api - INFO - API Request: GET /api/students | {"method": "GET", "endpoint": "/api/students", "status_code": 200, "response_time_ms": null, "user_id": null, "timestamp": "2026-04-21T10:16:48.837337"}
2026-04-21 10:16:48,842 - api - INFO - API Request: GET /api/report/S001 | {"method": "GET", "endpoint": "/api/report/S001", "status_code": 200, "response_time_ms": null, "user_id": null, "timestamp": "2026-04-21T10:16:48.842601"}
2026-04-21 10:16:48,844 - api - INFO - API Request: GET /api/activity-logs | {"method": "GET", "endpoint": "/api/activity-logs", "status_code": 200, "response_time_ms": 5.275964736938477, "user_id": null, "timestamp": "2026-04-21T10:16:48.844125"}
2026-04-21 10:16:48,856 - api - INFO - API Request: GET /api/report/S001 | {"method": "GET", "endpoint": "/api/report/S001", "status_code": 200, "response_time_ms": null, "user_id": null, "timestamp": "2026-04-21T10:16:48.856140"}
2026-04-21 10:16:48,857 - api - INFO - API Request: GET /api/activity-logs | {"method": "GET", "endpoint": "/api/activity-logs", "status_code": 200, "response_time_ms": 3.0193328857421875, "user_id": null, "timestamp": "2026-04-21T10:16:48.857146"}
2026-04-21 10:16:48,869 - api - INFO - API Request: GET /api/report/S001 | {"method": "GET", "endpoint": "/api/report/S001", "status_code": 200, "response_time_ms": null, "user_id": null, "timestamp": "2026-04-21T10:16:48.869670"}
2026-04-21 10:16:48,870 - api - INFO - API Request: GET /api/activity-logs | {"method": "GET", "endpoint": "/api/activity-logs", "status_code": 200, "response_time_ms": 2.99835205078125, "user_id": null, "timestamp": "2026-04-21T10:16:48.870670"}
2026-04-21 10:16:48,883 - api - INFO - API Request: GET /api/report/S001 | {"method": "GET", "endpoint": "/api/report/S001", "status_code": 200, "response_time_ms": 1.2860298156738281, "user_id": null, "timestamp": "2026-04-21T10:16:48.883777"}
2026-04-21 10:16:48,883 - api - INFO - API Request: GET /api/activity-logs | {"method": "GET", "endpoint": "/api/activity-logs", "status_code": 200, "response_time_ms": 4.2858123779296875, "user_id": null, "timestamp": "2026-04-21T10:16:48.883777"}
2026-04-21 10:16:48,894 - api - INFO - API Request: GET /api/report/S001 | {"method": "GET", "endpoint": "/api/report/S001", "status_code": 200, "response_time_ms": null, "user_id": null, "timestamp": "2026-04-21T10:16:48.893300"}
2026-04-21 10:17:49,184 - api - INFO - API Request: GET /api/students | {"method": "GET", "endpoint": "/api/students", "status_code": 200, "response_time_ms": 5.138158798217773, "user_id": null, "timestamp": "2026-04-21T10:17:49.184238"}
2026-04-21 10:17:49,198 - api - INFO - API Request: GET /api/students | {"method": "GET", "endpoint": "/api/students", "status_code": 200, "response_time_ms": null, "user_id": null, "timestamp": "2026-04-21T10:17:49.197030"}
2026-04-21 10:17:49,211 - api - INFO - API Request: GET /api/students | {"method": "GET", "endpoint": "/api/students", "status_code": 200, "response_time_ms": null, "user_id": null, "timestamp": "2026-04-21T10:17:49.211226"}
2026-04-21 10:17:49,230 - api - INFO - API Request: GET /api/students | {"method": "GET", "endpoint": "/api/students", "status_code": 200, "response_time_ms": null, "user_id": null, "timestamp": "2026-04-21T10:17:49.230226"}
2026-04-21 10:17:49,246 - api - INFO - API Request: GET /api/students | {"method": "GET", "endpoint": "/api/students", "status_code": 200, "response_time_ms": null, "user_id": null, "timestamp": "2026-04-21T10:17:49.246080"}
2026-04-21 10:17:49,264 - api - INFO - API Request: GET /api/activity-logs | {"method": "GET", "endpoint": "/api/activity-logs", "status_code": 200, "response_time_ms": 4.115819931030273, "user_id": null, "timestamp": "2026-04-21T10:17:49.263818"}
2026-04-21 10:17:49,284 - api - INFO - API Request: GET /api/students | {"method": "GET", "endpoint": "/api/students", "status_code": 200, "response_time_ms": null, "user_id": null, "timestamp": "2026-04-21T10:17:49.284303"}
2026-04-21 10:17:49,299 - api - INFO - API Request: GET /api/activity-logs | {"method": "GET", "endpoint": "/api/activity-logs", "status_code": 200, "response_time_ms": 6.750345230102539, "user_id": null, "timestamp": "2026-04-21T10:17:49.299425"}
2026-04-21 10:17:49,323 - api - INFO - API Request: GET /api/report/S001 | {"method": "GET", "endpoint": "/api/report/S001", "status_code": 200, "response_time_ms": 0.7064342498779297, "user_id": null, "timestamp": "2026-04-21T10:17:49.323461"}
2026-04-21 10:17:49,342 - api - INFO - API Request: GET /api/students | {"method": "GET", "endpoint": "/api/students", "status_code": 200, "response_time_ms": null, "user_id": null, "timestamp": "2026-04-21T10:17:49.342362"}
2026-04-21 10:17:49,356 - api - INFO - API Request: GET /api/activity-logs | {"method": "GET", "endpoint": "/api/activity-logs", "status_code": 200, "response_time_ms": 4.634857177734375, "user_id": null, "timestamp": "2026-04-21T10:17:49.356208"}
2026-04-21 10:17:49,377 - api - INFO - API Request: GET /api/report/S001 | {"method": "GET", "endpoint": "/api/report/S001", "status_code": 200, "response_time_ms": null, "user_id": null, "timestamp": "2026-04-21T10:17:49.376747"}
2026-04-21 10:17:49,396 - api - INFO - API Request: GET /api/activity-logs | {"method": "GET", "endpoint": "/api/activity-logs", "status_code": 200, "response_time_ms": 5.742073059082031, "user_id": null, "timestamp": "2026-04-21T10:17:49.395804"}
2026-04-21 10:17:49,418 - api - INFO - API Request: GET /api/report/S001 | {"method": "GET", "endpoint": "/api/report/S001", "status_code": 200, "response_time_ms": 1.005411148071289, "user_id": null, "timestamp": "2026-04-21T10:17:49.418553"}
2026-04-21 10:17:49,433 - api - INFO - API Request: GET /api/report/S001 | {"method": "GET", "endpoint": "/api/report/S001", "status_code": 200, "response_time_ms": 0.5762577056884766, "user_id": null, "timestamp": "2026-04-21T10:17:49.433400"}
2026-04-21 10:17:49,441 - api - INFO - API Request: GET /api/activity-logs | {"method": "GET", "endpoint": "/api/activity-logs", "status_code": 200, "response_time_ms": 8.483409881591797, "user_id": null, "timestamp": "2026-04-21T10:17:49.440782"}
2026-04-21 10:17:49,474 - api - INFO - API Request: GET /api/activity-logs | {"method": "GET", "endpoint": "/api/activity-logs", "status_code": 200, "response_time_ms": 3.5207271575927734, "user_id": null, "timestamp": "2026-04-21T10:17:49.474546"}
2026-04-21 10:17:49,499 - api - INFO - API Request: GET /api/report/S001 | {"method": "GET", "endpoint": "/api/report/S001", "status_code": 200, "response_time_ms": null, "user_id": null, "timestamp": "2026-04-21T10:17:49.498009"}
2026-04-21 10:17:49,512 - api - INFO - API Request: GET /api/activity-logs | {"method": "GET", "endpoint": "/api/activity-logs", "status_code": 200, "response_time_ms": 13.444662094116211, "user_id": null, "timestamp": "2026-04-21T10:17:49.512978"}
2026-04-21 10:17:49,516 - api - INFO - API Request: GET /api/report/S001 | {"method": "GET", "endpoint": "/api/report/S001", "status_code": 200, "response_time_ms": null, "user_id": null, "timestamp": "2026-04-21T10:17:49.516608"}
2026-04-21 10:17:49,563 - api - INFO - API Request: GET /api/students | {"method": "GET", "endpoint": "/api/students", "status_code": 200, "response_time_ms": 1.0390281677246094, "user_id": null, "timestamp": "2026-04-21T10:17:49.563382"}
2026-04-21 10:17:49,572 - api - INFO - API Request: GET /api/report/S001 | {"method": "GET", "endpoint": "/api/report/S001", "status_code": 200, "response_time_ms": 1.0042190551757812, "user_id": null, "timestamp": "2026-04-21T10:17:49.571526"}
2026-04-21 10:18:48,767 - api - INFO - API Request: GET /api/students | {"method": "GET", "endpoint": "/api/students", "status_code": 200, "response_time_ms": null, "user_id": null, "timestamp": "2026-04-21T10:18:48.767526"}
2026-04-21 10:18:48,779 - api - INFO - API Request: GET /api/students | {"method": "GET", "endpoint": "/api/students", "status_code": 200, "response_time_ms": null, "user_id": null, "timestamp": "2026-04-21T10:18:48.779118"}
2026-04-21 10:18:48,789 - api - INFO - API Request: GET /api/students | {"method": "GET", "endpoint": "/api/students", "status_code": 200, "response_time_ms": null, "user_id": null, "timestamp": "2026-04-21T10:18:48.788522"}
2026-04-21 10:18:48,800 - api - INFO - API Request: GET /api/students | {"method": "GET", "endpoint": "/api/students", "status_code": 200, "response_time_ms": 1.0128021240234375, "user_id": null, "timestamp": "2026-04-21T10:18:48.800153"}
2026-04-21 10:18:48,809 - api - INFO - API Request: GET /api/students | {"method": "GET", "endpoint": "/api/students", "status_code": 200, "response_time_ms": 1.0061264038085938, "user_id": null, "timestamp": "2026-04-21T10:18:48.809706"}
2026-04-21 10:18:48,820 - api - INFO - API Request: GET /api/students | {"method": "GET", "endpoint": "/api/students", "status_code": 200, "response_time_ms": 1.004934310913086, "user_id": null, "timestamp": "2026-04-21T10:18:48.820326"}
2026-04-21 10:18:48,825 - api - INFO - API Request: GET /api/activity-logs | {"method": "GET", "endpoint": "/api/activity-logs", "status_code": 200, "response_time_ms": 9.307861328125, "user_id": null, "timestamp": "2026-04-21T10:18:48.825613"}
2026-04-21 10:18:48,836 - api - INFO - API Request: GET /api/students | {"method": "GET", "endpoint": "/api/students", "status_code": 200, "response_time_ms": null, "user_id": null, "timestamp": "2026-04-21T10:18:48.836418"}
2026-04-21 10:18:48,844 - api - INFO - API Request: GET /api/activity-logs | {"method": "GET", "endpoint": "/api/activity-logs", "status_code": 200, "response_time_ms": 2.576589584350586, "user_id": null, "timestamp": "2026-04-21T10:18:48.844681"}
2026-04-21 10:18:48,865 - api - INFO - API Request: GET /api/activity-logs | {"method": "GET", "endpoint": "/api/activity-logs", "status_code": 200, "response_time_ms": 4.21595573425293, "user_id": null, "timestamp": "2026-04-21T10:18:48.865573"}
2026-04-21 10:18:48,868 - api - INFO - API Request: GET /api/report/S001 | {"method": "GET", "endpoint": "/api/report/S001", "status_code": 200, "response_time_ms": null, "user_id": null, "timestamp": "2026-04-21T10:18:48.868828"}
2026-04-21 10:18:48,890 - api - INFO - API Request: GET /api/activity-logs | {"method": "GET", "endpoint": "/api/activity-logs", "status_code": 200, "response_time_ms": 2.541065216064453, "user_id": null, "timestamp": "2026-04-21T10:18:48.889254"}
2026-04-21 10:18:48,906 - api - INFO - API Request: GET /api/report/S001 | {"method": "GET", "endpoint": "/api/report/S001", "status_code": 200, "response_time_ms": null, "user_id": null, "timestamp": "2026-04-21T10:18:48.905982"}
2026-04-21 10:18:48,917 - api - INFO - API Request: GET /api/report/S001 | {"method": "GET", "endpoint": "/api/report/S001", "status_code": 200, "response_time_ms": null, "user_id": null, "timestamp": "2026-04-21T10:18:48.917027"}
2026-04-21 10:18:48,919 - api - INFO - API Request: GET /api/activity-logs | {"method": "GET", "endpoint": "/api/activity-logs", "status_code": 200, "response_time_ms": 6.880760192871094, "user_id": null, "timestamp": "2026-04-21T10:18:48.919055"}
2026-04-21 10:18:48,938 - api - INFO - API Request: GET /api/report/S001 | {"method": "GET", "endpoint": "/api/report/S001", "status_code": 200, "response_time_ms": null, "user_id": null, "timestamp": "2026-04-21T10:18:48.938458"}
2026-04-21 10:18:48,944 - api - INFO - API Request: GET /api/activity-logs | {"method": "GET", "endpoint": "/api/activity-logs", "status_code": 200, "response_time_ms": 9.319067001342773, "user_id": null, "timestamp": "2026-04-21T10:18:48.944369"}
2026-04-21 10:18:48,960 - api - INFO - API Request: GET /api/students | {"method": "GET", "endpoint": "/api/students", "status_code": 200, "response_time_ms": null, "user_id": null, "timestamp": "2026-04-21T10:18:48.960756"}
2026-04-21 10:18:48,961 - api - INFO - API Request: GET /api/report/S001 | {"method": "GET", "endpoint": "/api/report/S001", "status_code": 200, "response_time_ms": null, "user_id": null, "timestamp": "2026-04-21T10:18:48.961419"}
2026-04-21 10:18:48,973 - api - INFO - API Request: GET /api/activity-logs | {"method": "GET", "endpoint": "/api/activity-logs", "status_code": 200, "response_time_ms": 7.222414016723633, "user_id": null, "timestamp": "2026-04-21T10:18:48.973748"}
2026-04-21 10:18:48,987 - api - INFO - API Request: GET /api/report/S001 | {"method": "GET", "endpoint": "/api/report/S001", "status_code": 200, "response_time_ms": 1.0225772857666016, "user_id": null, "timestamp": "2026-04-21T10:18:48.987889"}
2026-04-21 10:18:49,003 - api - INFO - API Request: GET /api/report/S001 | {"method": "GET", "endpoint": "/api/report/S001", "status_code": 200, "response_time_ms": null, "user_id": null, "timestamp": "2026-04-21T10:18:49.003197"}
2026-04-21 10:19:49,073 - api - INFO - API Request: GET /api/students | {"method": "GET", "endpoint": "/api/students", "status_code": 200, "response_time_ms": 1.0175704956054688, "user_id": null, "timestamp": "2026-04-21T10:19:49.073744"}
2026-04-21 10:19:49,078 - api - INFO - API Request: GET /api/students | {"method": "GET", "endpoint": "/api/students", "status_code": 200, "response_time_ms": null, "user_id": null, "timestamp": "2026-04-21T10:19:49.078282"}
2026-04-21 10:19:49,087 - api - INFO - API Request: GET /api/activity-logs | {"method": "GET", "endpoint": "/api/activity-logs", "status_code": 200, "response_time_ms": 1.5866756439208984, "user_id": null, "timestamp": "2026-04-21T10:19:49.087118"}
2026-04-21 10:19:49,098 - api - INFO - API Request: GET /api/students | {"method": "GET", "endpoint": "/api/students", "status_code": 200, "response_time_ms": null, "user_id": null, "timestamp": "2026-04-21T10:19:49.098856"}
2026-04-21 10:19:49,105 - api - INFO - API Request: GET /api/activity-logs | {"method": "GET", "endpoint": "/api/activity-logs", "status_code": 200, "response_time_ms": 1.5590190887451172, "user_id": null, "timestamp": "2026-04-21T10:19:49.105729"}
2026-04-21 10:19:49,114 - api - INFO - API Request: GET /api/report/S001 | {"method": "GET", "endpoint": "/api/report/S001", "status_code": 200, "response_time_ms": null, "user_id": null, "timestamp": "2026-04-21T10:19:49.114097"}
2026-04-21 10:19:49,119 - api - INFO - API Request: GET /api/students | {"method": "GET", "endpoint": "/api/students", "status_code": 200, "response_time_ms": null, "user_id": null, "timestamp": "2026-04-21T10:19:49.119631"}
2026-04-21 10:19:49,125 - api - INFO - API Request: GET /api/activity-logs | {"method": "GET", "endpoint": "/api/activity-logs", "status_code": 200, "response_time_ms": 1.5175342559814453, "user_id": null, "timestamp": "2026-04-21T10:19:49.125688"}
2026-04-21 10:19:49,134 - api - INFO - API Request: GET /api/report/S001 | {"method": "GET", "endpoint": "/api/report/S001", "status_code": 200, "response_time_ms": null, "user_id": null, "timestamp": "2026-04-21T10:19:49.134035"}
2026-04-21 10:19:49,139 - api - INFO - API Request: GET /api/students | {"method": "GET", "endpoint": "/api/students", "status_code": 200, "response_time_ms": 0.5555152893066406, "user_id": null, "timestamp": "2026-04-21T10:19:49.139721"}
2026-04-21 10:19:49,145 - api - INFO - API Request: GET /api/activity-logs | {"method": "GET", "endpoint": "/api/activity-logs", "status_code": 200, "response_time_ms": 1.5556812286376953, "user_id": null, "timestamp": "2026-04-21T10:19:49.145590"}
2026-04-21 10:19:49,152 - api - INFO - API Request: GET /api/report/S001 | {"method": "GET", "endpoint": "/api/report/S001", "status_code": 200, "response_time_ms": null, "user_id": null, "timestamp": "2026-04-21T10:19:49.152929"}
2026-04-21 10:19:49,159 - api - INFO - API Request: GET /api/students | {"method": "GET", "endpoint": "/api/students", "status_code": 200, "response_time_ms": null, "user_id": null, "timestamp": "2026-04-21T10:19:49.159310"}
2026-04-21 10:19:49,166 - api - INFO - API Request: GET /api/activity-logs | {"method": "GET", "endpoint": "/api/activity-logs", "status_code": 200, "response_time_ms": 1.0221004486083984, "user_id": null, "timestamp": "2026-04-21T10:19:49.166139"}
2026-04-21 10:19:49,175 - api - INFO - API Request: GET /api/report/S001 | {"method": "GET", "endpoint": "/api/report/S001", "status_code": 200, "response_time_ms": null, "user_id": null, "timestamp": "2026-04-21T10:19:49.175570"}
2026-04-21 10:19:49,180 - api - INFO - API Request: GET /api/students | {"method": "GET", "endpoint": "/api/students", "status_code": 200, "response_time_ms": null, "user_id": null, "timestamp": "2026-04-21T10:19:49.180586"}
2026-04-21 10:19:49,187 - api - INFO - API Request: GET /api/activity-logs | {"method": "GET", "endpoint": "/api/activity-logs", "status_code": 200, "response_time_ms": 0.9977817535400391, "user_id": null, "timestamp": "2026-04-21T10:19:49.187279"}
2026-04-21 10:19:49,197 - api - INFO - API Request: GET /api/report/S001 | {"method": "GET", "endpoint": "/api/report/S001", "status_code": 200, "response_time_ms": null, "user_id": null, "timestamp": "2026-04-21T10:19:49.196168"}
2026-04-21 10:19:49,202 - api - INFO - API Request: GET /api/students | {"method": "GET", "endpoint": "/api/students", "status_code": 200, "response_time_ms": null, "user_id": null, "timestamp": "2026-04-21T10:19:49.202330"}
2026-04-21 10:19:49,210 - api - INFO - API Request: GET /api/activity-logs | {"method": "GET", "endpoint": "/api/activity-logs", "status_code": 200, "response_time_ms": 2.118825912475586, "user_id": null, "timestamp": "2026-04-21T10:19:49.210838"}
2026-04-21 10:19:49,220 - api - INFO - API Request: GET /api/report/S001 | {"method": "GET", "endpoint": "/api/report/S001", "status_code": 200, "response_time_ms": null, "user_id": null, "timestamp": "2026-04-21T10:19:49.220274"}
2026-04-21 10:19:49,227 - api - INFO - API Request: GET /api/report/S001 | {"method": "GET", "endpoint": "/api/report/S001", "status_code": 200, "response_time_ms": null, "user_id": null, "timestamp": "2026-04-21T10:19:49.227692"}
2026-04-21 10:20:48,878 - api - INFO - API Request: GET /api/students | {"method": "GET", "endpoint": "/api/students", "status_code": 200, "response_time_ms": null, "user_id": null, "timestamp": "2026-04-21T10:20:48.878381"}
2026-04-21 10:20:48,949 - api - INFO - API Request: GET /api/students | {"method": "GET", "endpoint": "/api/students", "status_code": 200, "response_time_ms": 0.5807876586914062, "user_id": null, "timestamp": "2026-04-21T10:20:48.949408"}
2026-04-21 10:20:48,962 - api - INFO - API Request: GET /api/students | {"method": "GET", "endpoint": "/api/students", "status_code": 200, "response_time_ms": null, "user_id": null, "timestamp": "2026-04-21T10:20:48.961499"}
2026-04-21 10:20:48,975 - api - INFO - API Request: GET /api/students | {"method": "GET", "endpoint": "/api/students", "status_code": 200, "response_time_ms": null, "user_id": null, "timestamp": "2026-04-21T10:20:48.975766"}
2026-04-21 10:20:48,988 - api - INFO - API Request: GET /api/students | {"method": "GET", "endpoint": "/api/students", "status_code": 200, "response_time_ms": 1.0004043579101562, "user_id": null, "timestamp": "2026-04-21T10:20:48.988542"}
2026-04-21 10:20:49,002 - api - INFO - API Request: GET /api/students | {"method": "GET", "endpoint": "/api/students", "status_code": 200, "response_time_ms": null, "user_id": null, "timestamp": "2026-04-21T10:20:49.002597"}
2026-04-21 10:20:49,018 - api - INFO - API Request: GET /api/students | {"method": "GET", "endpoint": "/api/students", "status_code": 200, "response_time_ms": null, "user_id": null, "timestamp": "2026-04-21T10:20:49.018803"}
2026-04-21 10:20:49,044 - api - INFO - API Request: GET /api/activity-logs | {"method": "GET", "endpoint": "/api/activity-logs", "status_code": 200, "response_time_ms": 4.3430328369140625, "user_id": null, "timestamp": "2026-04-21T10:20:49.044457"}
2026-04-21 10:20:49,147 - api - INFO - API Request: GET /api/activity-logs | {"method": "GET", "endpoint": "/api/activity-logs", "status_code": 200, "response_time_ms": 4.617452621459961, "user_id": null, "timestamp": "2026-04-21T10:20:49.147833"}
2026-04-21 10:20:49,176 - api - INFO - API Request: GET /api/activity-logs | {"method": "GET", "endpoint": "/api/activity-logs", "status_code": 200, "response_time_ms": 5.196809768676758, "user_id": null, "timestamp": "2026-04-21T10:20:49.176144"}
2026-04-21 10:20:49,207 - api - INFO - API Request: GET /api/report/S001 | {"method": "GET", "endpoint": "/api/report/S001", "status_code": 200, "response_time_ms": 8.363723754882812, "user_id": null, "timestamp": "2026-04-21T10:20:49.207694"}
2026-04-21 10:20:49,210 - api - INFO - API Request: GET /api/activity-logs | {"method": "GET", "endpoint": "/api/activity-logs", "status_code": 200, "response_time_ms": 7.379293441772461, "user_id": null, "timestamp": "2026-04-21T10:20:49.210934"}
2026-04-21 10:20:49,229 - api - INFO - API Request: GET /api/report/S001 | {"method": "GET", "endpoint": "/api/report/S001", "status_code": 200, "response_time_ms": null, "user_id": null, "timestamp": "2026-04-21T10:20:49.229562"}
2026-04-21 10:20:49,239 - api - INFO - API Request: GET /api/activity-logs | {"method": "GET", "endpoint": "/api/activity-logs", "status_code": 200, "response_time_ms": 3.0379295349121094, "user_id": null, "timestamp": "2026-04-21T10:20:49.239216"}
2026-04-21 10:20:49,242 - api - INFO - API Request: GET /api/report/S001 | {"method": "GET", "endpoint": "/api/report/S001", "status_code": 200, "response_time_ms": null, "user_id": null, "timestamp": "2026-04-21T10:20:49.242294"}
2026-04-21 10:20:49,267 - api - INFO - API Request: GET /api/students | {"method": "GET", "endpoint": "/api/students", "status_code": 200, "response_time_ms": 6.417512893676758, "user_id": null, "timestamp": "2026-04-21T10:20:49.267253"}
2026-04-21 10:20:49,271 - api - INFO - API Request: GET /api/activity-logs | {"method": "GET", "endpoint": "/api/activity-logs", "status_code": 200, "response_time_ms": 3.7941932678222656, "user_id": null, "timestamp": "2026-04-21T10:20:49.270299"}
2026-04-21 10:20:49,289 - api - INFO - API Request: GET /api/report/S001 | {"method": "GET", "endpoint": "/api/report/S001", "status_code": 200, "response_time_ms": 0.6966590881347656, "user_id": null, "timestamp": "2026-04-21T10:20:49.289601"}
2026-04-21 10:20:49,304 - api - INFO - API Request: GET /api/report/S001 | {"method": "GET", "endpoint": "/api/report/S001", "status_code": 200, "response_time_ms": null, "user_id": null, "timestamp": "2026-04-21T10:20:49.304234"}
2026-04-21 10:20:49,305 - api - INFO - API Request: GET /api/activity-logs | {"method": "GET", "endpoint": "/api/activity-logs", "status_code": 200, "response_time_ms": 7.67207145690918, "user_id": null, "timestamp": "2026-04-21T10:20:49.305767"}
2026-04-21 10:20:49,325 - api - INFO - API Request: GET /api/report/S001 | {"method": "GET", "endpoint": "/api/report/S001", "status_code": 200, "response_time_ms": null, "user_id": null, "timestamp": "2026-04-21T10:20:49.324993"}
2026-04-21 10:20:49,366 - api - INFO - API Request: GET /api/report/S001 | {"method": "GET", "endpoint": "/api/report/S001", "status_code": 200, "response_time_ms": 1.0356903076171875, "user_id": null, "timestamp": "2026-04-21T10:20:49.366578"}
2026-04-21 10:21:49,061 - api - INFO - API Request: GET /api/students | {"method": "GET", "endpoint": "/api/students", "status_code": 200, "response_time_ms": null, "user_id": null, "timestamp": "2026-04-21T10:21:49.061874"}
2026-04-21 10:21:49,066 - api - INFO - API Request: GET /api/students | {"method": "GET", "endpoint": "/api/students", "status_code": 200, "response_time_ms": null, "user_id": null, "timestamp": "2026-04-21T10:21:49.066455"}
2026-04-21 10:21:49,073 - api - INFO - API Request: GET /api/activity-logs | {"method": "GET", "endpoint": "/api/activity-logs", "status_code": 200, "response_time_ms": 3.0455589294433594, "user_id": null, "timestamp": "2026-04-21T10:21:49.073506"}
2026-04-21 10:21:49,084 - api - INFO - API Request: GET /api/students | {"method": "GET", "endpoint": "/api/students", "status_code": 200, "response_time_ms": null, "user_id": null, "timestamp": "2026-04-21T10:21:49.084184"}
2026-04-21 10:21:49,093 - api - INFO - API Request: GET /api/activity-logs | {"method": "GET", "endpoint": "/api/activity-logs", "status_code": 200, "response_time_ms": 2.694368362426758, "user_id": null, "timestamp": "2026-04-21T10:21:49.093761"}
2026-04-21 10:21:49,105 - api - INFO - API Request: GET /api/report/S001 | {"method": "GET", "endpoint": "/api/report/S001", "status_code": 200, "response_time_ms": null, "user_id": null, "timestamp": "2026-04-21T10:21:49.105370"}
2026-04-21 10:21:49,110 - api - INFO - API Request: GET /api/students | {"method": "GET", "endpoint": "/api/students", "status_code": 200, "response_time_ms": null, "user_id": null, "timestamp": "2026-04-21T10:21:49.110512"}
2026-04-21 10:21:49,119 - api - INFO - API Request: GET /api/activity-logs | {"method": "GET", "endpoint": "/api/activity-logs", "status_code": 200, "response_time_ms": 2.517223358154297, "user_id": null, "timestamp": "2026-04-21T10:21:49.118168"}
2026-04-21 10:21:49,127 - api - INFO - API Request: GET /api/report/S001 | {"method": "GET", "endpoint": "/api/report/S001", "status_code": 200, "response_time_ms": null, "user_id": null, "timestamp": "2026-04-21T10:21:49.127730"}
2026-04-21 10:21:49,132 - api - INFO - API Request: GET /api/students | {"method": "GET", "endpoint": "/api/students", "status_code": 200, "response_time_ms": null, "user_id": null, "timestamp": "2026-04-21T10:21:49.132256"}
2026-04-21 10:21:49,140 - api - INFO - API Request: GET /api/activity-logs | {"method": "GET", "endpoint": "/api/activity-logs", "status_code": 200, "response_time_ms": 2.529144287109375, "user_id": null, "timestamp": "2026-04-21T10:21:49.140132"}
2026-04-21 10:21:49,150 - api - INFO - API Request: GET /api/report/S001 | {"method": "GET", "endpoint": "/api/report/S001", "status_code": 200, "response_time_ms": 1.0154247283935547, "user_id": null, "timestamp": "2026-04-21T10:21:49.150328"}
2026-04-21 10:21:49,157 - api - INFO - API Request: GET /api/students | {"method": "GET", "endpoint": "/api/students", "status_code": 200, "response_time_ms": null, "user_id": null, "timestamp": "2026-04-21T10:21:49.157025"}
2026-04-21 10:21:49,164 - api - INFO - API Request: GET /api/activity-logs | {"method": "GET", "endpoint": "/api/activity-logs", "status_code": 200, "response_time_ms": 2.1016597747802734, "user_id": null, "timestamp": "2026-04-21T10:21:49.164125"}
2026-04-21 10:21:49,174 - api - INFO - API Request: GET /api/report/S001 | {"method": "GET", "endpoint": "/api/report/S001", "status_code": 200, "response_time_ms": null, "user_id": null, "timestamp": "2026-04-21T10:21:49.174419"}
2026-04-21 10:21:49,178 - api - INFO - API Request: GET /api/students | {"method": "GET", "endpoint": "/api/students", "status_code": 200, "response_time_ms": null, "user_id": null, "timestamp": "2026-04-21T10:21:49.178496"}
2026-04-21 10:21:49,186 - api - INFO - API Request: GET /api/activity-logs | {"method": "GET", "endpoint": "/api/activity-logs", "status_code": 200, "response_time_ms": 3.7550926208496094, "user_id": null, "timestamp": "2026-04-21T10:21:49.186250"}
2026-04-21 10:21:49,195 - api - INFO - API Request: GET /api/report/S001 | {"method": "GET", "endpoint": "/api/report/S001", "status_code": 200, "response_time_ms": null, "user_id": null, "timestamp": "2026-04-21T10:21:49.195599"}
2026-04-21 10:21:49,202 - api - INFO - API Request: GET /api/activity-logs | {"method": "GET", "endpoint": "/api/activity-logs", "status_code": 200, "response_time_ms": 0.99945068359375, "user_id": null, "timestamp": "2026-04-21T10:21:49.202191"}
2026-04-21 10:21:49,213 - api - INFO - API Request: GET /api/report/S001 | {"method": "GET", "endpoint": "/api/report/S001", "status_code": 200, "response_time_ms": null, "user_id": null, "timestamp": "2026-04-21T10:21:49.212429"}
2026-04-21 10:21:49,221 - api - INFO - API Request: GET /api/report/S001 | {"method": "GET", "endpoint": "/api/report/S001", "status_code": 200, "response_time_ms": null, "user_id": null, "timestamp": "2026-04-21T10:21:49.221351"}
2026-04-21 10:21:49,236 - api - INFO - API Request: GET /api/students | {"method": "GET", "endpoint": "/api/students", "status_code": 200, "response_time_ms": null, "user_id": null, "timestamp": "2026-04-21T10:21:49.236403"}
2026-04-21 10:22:48,760 - api - INFO - API Request: GET /api/students | {"method": "GET", "endpoint": "/api/students", "status_code": 200, "response_time_ms": 2.0117759704589844, "user_id": null, "timestamp": "2026-04-21T10:22:48.760802"}
2026-04-21 10:22:48,770 - api - INFO - API Request: GET /api/students | {"method": "GET", "endpoint": "/api/students", "status_code": 200, "response_time_ms": null, "user_id": null, "timestamp": "2026-04-21T10:22:48.770033"}
2026-04-21 10:22:48,783 - api - INFO - API Request: GET /api/students | {"method": "GET", "endpoint": "/api/students", "status_code": 200, "response_time_ms": null, "user_id": null, "timestamp": "2026-04-21T10:22:48.783662"}
2026-04-21 10:22:48,788 - api - INFO - API Request: GET /api/activity-logs | {"method": "GET", "endpoint": "/api/activity-logs", "status_code": 200, "response_time_ms": 9.033203125, "user_id": null, "timestamp": "2026-04-21T10:22:48.788193"}
2026-04-21 10:22:48,800 - api - INFO - API Request: GET /api/students | {"method": "GET", "endpoint": "/api/students", "status_code": 200, "response_time_ms": null, "user_id": null, "timestamp": "2026-04-21T10:22:48.800420"}
2026-04-21 10:22:48,809 - api - INFO - API Request: GET /api/students | {"method": "GET", "endpoint": "/api/students", "status_code": 200, "response_time_ms": null, "user_id": null, "timestamp": "2026-04-21T10:22:48.809545"}
2026-04-21 10:22:48,816 - api - INFO - API Request: GET /api/report/S001 | {"method": "GET", "endpoint": "/api/report/S001", "status_code": 200, "response_time_ms": null, "user_id": null, "timestamp": "2026-04-21T10:22:48.816200"}
2026-04-21 10:22:48,820 - api - INFO - API Request: GET /api/activity-logs | {"method": "GET", "endpoint": "/api/activity-logs", "status_code": 200, "response_time_ms": 13.834953308105469, "user_id": null, "timestamp": "2026-04-21T10:22:48.820860"}
2026-04-21 10:22:48,823 - api - INFO - API Request: GET /api/students | {"method": "GET", "endpoint": "/api/students", "status_code": 200, "response_time_ms": null, "user_id": null, "timestamp": "2026-04-21T10:22:48.823389"}
2026-04-21 10:22:48,846 - api - INFO - API Request: GET /api/students | {"method": "GET", "endpoint": "/api/students", "status_code": 200, "response_time_ms": null, "user_id": null, "timestamp": "2026-04-21T10:22:48.846794"}
2026-04-21 10:22:48,849 - api - INFO - API Request: GET /api/report/S001 | {"method": "GET", "endpoint": "/api/report/S001", "status_code": 200, "response_time_ms": null, "user_id": null, "timestamp": "2026-04-21T10:22:48.849663"}
2026-04-21 10:22:48,854 - api - INFO - API Request: GET /api/activity-logs | {"method": "GET", "endpoint": "/api/activity-logs", "status_code": 200, "response_time_ms": 12.695789337158203, "user_id": null, "timestamp": "2026-04-21T10:22:48.854385"}
2026-04-21 10:22:48,879 - api - INFO - API Request: GET /api/report/S001 | {"method": "GET", "endpoint": "/api/report/S001", "status_code": 200, "response_time_ms": 0.8471012115478516, "user_id": null, "timestamp": "2026-04-21T10:22:48.879727"}
2026-04-21 10:22:48,882 - api - INFO - API Request: GET /api/activity-logs | {"method": "GET", "endpoint": "/api/activity-logs", "status_code": 200, "response_time_ms": 5.147218704223633, "user_id": null, "timestamp": "2026-04-21T10:22:48.881949"}
2026-04-21 10:22:48,899 - api - INFO - API Request: GET /api/report/S001 | {"method": "GET", "endpoint": "/api/report/S001", "status_code": 200, "response_time_ms": null, "user_id": null, "timestamp": "2026-04-21T10:22:48.899778"}
2026-04-21 10:22:48,901 - api - INFO - API Request: GET /api/activity-logs | {"method": "GET", "endpoint": "/api/activity-logs", "status_code": 200, "response_time_ms": 6.11424446105957, "user_id": null, "timestamp": "2026-04-21T10:22:48.901441"}
2026-04-21 10:22:48,916 - api - INFO - API Request: GET /api/report/S001 | {"method": "GET", "endpoint": "/api/report/S001", "status_code": 200, "response_time_ms": null, "user_id": null, "timestamp": "2026-04-21T10:22:48.916263"}
2026-04-21 10:22:48,919 - api - INFO - API Request: GET /api/activity-logs | {"method": "GET", "endpoint": "/api/activity-logs", "status_code": 200, "response_time_ms": 6.723880767822266, "user_id": null, "timestamp": "2026-04-21T10:22:48.919264"}
2026-04-21 10:22:48,933 - api - INFO - API Request: GET /api/report/S001 | {"method": "GET", "endpoint": "/api/report/S001", "status_code": 200, "response_time_ms": 1.010894775390625, "user_id": null, "timestamp": "2026-04-21T10:22:48.933478"}
